error: Missing `uri` attribute (e.g. `#[endpoint(uri = "custom_endpoint")]`)
 --> tests/ui/endpoint/custom_uri_missing.rs:8:1
  |
8 | #[endpoint(method = "gotham_restful::gotham::hyper::Method::GET")]
  | ^^^^^^^^^^^^^^^^^^^^^^^^^^^^^^^^^^^^^^^^^^^^^^^^^^^^^^^^^^^^^^^^^^
  |
  = note: this error originates in the attribute macro `endpoint` (in Nightly builds, run with -Z macro-backtrace for more info)

error[E0412]: cannot find type `read_all___gotham_restful_endpoint` in this scope
 --> tests/ui/endpoint/custom_uri_missing.rs:5:12
  |
5 | #[resource(read_all)]
  |            ^^^^^^^^ not found in this scope
